PoFanu@DESKTOP-S3CDABV MINGW64 ~
$ cd QA/group_30_free

PoFanu@DESKTOP-S3CDABV MINGW64 ~/QA/group_30_free
$ ls -ls
total 0
0 drwxr-xr-x 1 PoFanu 197121 0 May 27 18:50 'git bash команды'/
0 drwxr-xr-x 1 PoFanu 197121 0 May 31 21:15  github/

PoFanu@DESKTOP-S3CDABV MINGW64 ~/QA/group_30_free
$ cd github

PoFanu@DESKTOP-S3CDABV MINGW64 ~/QA/group_30_free/github
$ ssh -keygen -t rsa -C "QA"
Bad escape character 'ygen'.

PoFanu@DESKTOP-S3CDABV MINGW64 ~/QA/group_30_free/github
$ ssh-keygen -t rsa -C "PoFanu"
Generating public/private rsa key pair.
Enter file in which to save the key (/c/Users/PoFanu/.ssh/id_rsa):
Created directory '/c/Users/PoFanu/.ssh'.
Enter passphrase (empty for no passphrase):
Enter same passphrase again:
Your identification has been saved in /c/Users/PoFanu/.ssh/id_rsa
Your public key has been saved in /c/Users/PoFanu/.ssh/id_rsa.pub
The key fingerprint is:
SHA256:k/mjV0aPM0APWPjCEVtKer6hY8I5DLfxR9MJUsJnaiM PoFanu
The key's randomart image is:
+---[RSA 3072]----+
|     .. +=o      |
|      .=*+o      |
|      o==+ o     |
|    E ++o=o.o    |
|  . oo .S.oo o   |
|   = = o *  * .  |
|    B = o oo o   |
|     + o ...     |
|        ..       |
+----[SHA256]-----+

PoFanu@DESKTOP-S3CDABV MINGW64 ~/QA/group_30_free/github
$ pwd
/c/Users/PoFanu/QA/group_30_free/github

PoFanu@DESKTOP-S3CDABV MINGW64 ~/QA/group_30_free/github
$ git clone https://github.com/AlekseyTurygin/HW0.git
Cloning into 'HW0'...
remote: Enumerating objects: 3, done.
remote: Counting objects: 100% (3/3), done.
remote: Total 3 (delta 0), reused 0 (delta 0), pack-reused 0
Receiving objects: 100% (3/3), done.

PoFanu@DESKTOP-S3CDABV MINGW64 ~/QA/group_30_free/github
$ ls -la
total 4
drwxr-xr-x 1 PoFanu 197121 0 May 31 21:44 ./
drwxr-xr-x 1 PoFanu 197121 0 May 31 20:42 ../
drwxr-xr-x 1 PoFanu 197121 0 May 31 21:44 HW0/

PoFanu@DESKTOP-S3CDABV MINGW64 ~/QA/group_30_free/github
$ cd HW0

PoFanu@DESKTOP-S3CDABV MINGW64 ~/QA/group_30_free/github/HW0 (main)
$ touch firstfile.txt

PoFanu@DESKTOP-S3CDABV MINGW64 ~/QA/group_30_free/github/HW0 (main)
$ vim firstfile.txt

PoFanu@DESKTOP-S3CDABV MINGW64 ~/QA/group_30_free/github/HW0 (main)
$ touch HomeWork0.txt

PoFanu@DESKTOP-S3CDABV MINGW64 ~/QA/group_30_free/github/HW0 (main)
$ git status
On branch main
Your branch is up to date with 'origin/main'.

Untracked files:
  (use "git add <file>..." to include in what will be committed)
        HomeWork0.txt
        firstfile.txt

nothing added to commit but untracked files present (use "git add" to track)

PoFanu@DESKTOP-S3CDABV MINGW64 ~/QA/group_30_free/github/HW0 (main)
$ git add firstgile.txt
fatal: pathspec 'firstgile.txt' did not match any files

PoFanu@DESKTOP-S3CDABV MINGW64 ~/QA/group_30_free/github/HW0 (main)
$ git status
On branch main
Your branch is up to date with 'origin/main'.

Untracked files:
  (use "git add <file>..." to include in what will be committed)
        HomeWork0.txt
        firstfile.txt

nothing added to commit but untracked files present (use "git add" to track)

PoFanu@DESKTOP-S3CDABV MINGW64 ~/QA/group_30_free/github/HW0 (main)
$ git add firstfile.txt
warning: LF will be replaced by CRLF in firstfile.txt.
The file will have its original line endings in your working directory

PoFanu@DESKTOP-S3CDABV MINGW64 ~/QA/group_30_free/github/HW0 (main)
$ git status
On branch main
Your branch is up to date with 'origin/main'.

Changes to be committed:
  (use "git restore --staged <file>..." to unstage)
        new file:   firstfile.txt

Untracked files:
  (use "git add <file>..." to include in what will be committed)
        HomeWork0.txt


PoFanu@DESKTOP-S3CDABV MINGW64 ~/QA/group_30_free/github/HW0 (main)
$ git commit -m "add the first file"
Author identity unknown

*** Please tell me who you are.

Run

  git config --global user.email "you@example.com"
  git config --global user.name "Your Name"

to set your account's default identity.
Omit --global to set the identity only in this repository.

fatal: unable to auto-detect email address (got 'PoFanu@DESKTOP-S3CDABV.(none)')

PoFanu@DESKTOP-S3CDABV MINGW64 ~/QA/group_30_free/github/HW0 (main)
$ git push
Everything up-to-date

PoFanu@DESKTOP-S3CDABV MINGW64 ~/QA/group_30_free/github/HW0 (main)
$ git commit -m "add the first file"
Author identity unknown

*** Please tell me who you are.

Run

  git config --global user.email "you@example.com"
  git config --global user.name "Your Name"

to set your account's default identity.
Omit --global to set the identity only in this repository.

fatal: unable to auto-detect email address (got 'PoFanu@DESKTOP-S3CDABV.(none)')

PoFanu@DESKTOP-S3CDABV MINGW64 ~/QA/group_30_free/github/HW0 (main)
$ ^C

PoFanu@DESKTOP-S3CDABV MINGW64 ~/QA/group_30_free/github/HW0 (main)
$ ^C

PoFanu@DESKTOP-S3CDABV MINGW64 ~/QA/group_30_free/github/HW0 (main)
$ git config --global user.email "turygin.aleksey@gmail.com"

PoFanu@DESKTOP-S3CDABV MINGW64 ~/QA/group_30_free/github/HW0 (main)
$ git config --global user.name "AlekseyTurygin"

PoFanu@DESKTOP-S3CDABV MINGW64 ~/QA/group_30_free/github/HW0 (main)
$ git commit -m "add the first file"
[main b637756] add the first file
 1 file changed, 4 insertions(+)
 create mode 100644 firstfile.txt

PoFanu@DESKTOP-S3CDABV MINGW64 ~/QA/group_30_free/github/HW0 (main)
$ git push
Enumerating objects: 4, done.
Counting objects: 100% (4/4), done.
Delta compression using up to 12 threads
Compressing objects: 100% (2/2), done.
Writing objects: 100% (3/3), 333 bytes | 333.00 KiB/s, done.
Total 3 (delta 0), reused 0 (delta 0), pack-reused 0
To https://github.com/AlekseyTurygin/HW0.git
   9107b8a..b637756  main -> main

PoFanu@DESKTOP-S3CDABV MINGW64 ~/QA/group_30_free/github/HW0 (main)